WALL_MATERIAL 4 5
WALL_MATERIAL 3 5
WALL_MATERIAL 2 5
WALL_MATERIAL 1 5
WALL_MATERIAL 1 6
WALL_MATERIAL 0 6
WALL_MATERIAL -1 6
WALL_MATERIAL -2 6
WALL_MATERIAL -3 6
WALL_MATERIAL -3 5
WALL_MATERIAL -3 4
WALL_MATERIAL -3 3
WALL_MATERIAL -3 2
WALL_MATERIAL -3 1
WALL_MATERIAL -3 0
WALL_MATERIAL -4 0
WALL_MATERIAL -5 0
WALL_MATERIAL -6 0
WALL_MATERIAL -7 0
WALL_MATERIAL -7 -1
WALL_MATERIAL -7 -2
WALL_MATERIAL -7 -3
WALL_MATERIAL -7 -4
WALL_MATERIAL -6 -4
WALL_MATERIAL -5 -4
WALL_MATERIAL -4 -4
WALL_MATERIAL -3 -4
WALL_MATERIAL -3 -8
WALL_MATERIAL -3 -7
WALL_MATERIAL -3 -6
WALL_MATERIAL -3 -5
WALL_MATERIAL -2 -8
WALL_MATERIAL -1 -8
WALL_MATERIAL 0 -8
WALL_MATERIAL 1 -8
WALL_MATERIAL 2 -8
WALL_MATERIAL 3 -8
WALL_MATERIAL 4 -8
WALL_MATERIAL 4 -7
WALL_MATERIAL 4 -6
WALL_MATERIAL 4 -5
WALL_MATERIAL 4 -4
WALL_MATERIAL 4 -3
WALL_MATERIAL 4 -2
WALL_MATERIAL 4 -1
WALL_MATERIAL 4 0
WALL_MATERIAL 4 1
WALL_MATERIAL 4 2
WALL_MATERIAL 4 3
WALL_MATERIAL 4 4
WALL_MATERIAL -2 0
WALL_MATERIAL -1 0
WALL_MATERIAL 0 0
WALL_MATERIAL 1 0
WALL_MATERIAL 2 0
WALL_MATERIAL 3 0
WALL_TEXT -1 2
IS_TEXT -1 3
STOP -1 4
FLAG_TEXT -5 -2
IS_TEXT -1 -6
WIN 2 -4
BABA_MATERIAL 2 3
FLAG_MATERIAL -1 -2
BABA_TEXT -6 2
IS_TEXT -6 3
YOU -6 4