FLAG_MATERIAL 4 5
FLAG_MATERIAL 3 5
FLAG_MATERIAL 2 5
FLAG_MATERIAL 1 5
FLAG_MATERIAL 1 6
FLAG_MATERIAL 0 6
FLAG_MATERIAL -1 6
FLAG_MATERIAL -2 6
FLAG_MATERIAL -3 6
FLAG_MATERIAL -3 5
FLAG_MATERIAL -3 4
FLAG_MATERIAL -3 3
FLAG_MATERIAL -3 2
FLAG_MATERIAL -3 1
FLAG_MATERIAL -3 0
FLAG_MATERIAL -4 0
FLAG_MATERIAL -5 0
FLAG_MATERIAL -6 0
FLAG_MATERIAL -7 0
FLAG_MATERIAL -7 -1
FLAG_MATERIAL -7 -2
FLAG_MATERIAL -7 -3
FLAG_MATERIAL -7 -4
FLAG_MATERIAL -6 -4
FLAG_MATERIAL -5 -4
FLAG_MATERIAL -4 -4
FLAG_MATERIAL -3 -4
FLAG_MATERIAL -3 -8
FLAG_MATERIAL -3 -7
FLAG_MATERIAL -3 -6
FLAG_MATERIAL -3 -5
FLAG_MATERIAL -2 -8
FLAG_MATERIAL -1 -8
FLAG_MATERIAL 0 -8
FLAG_MATERIAL 1 -8
FLAG_MATERIAL 2 -8
FLAG_MATERIAL 3 -8
FLAG_MATERIAL 4 -8
FLAG_MATERIAL 4 -7
FLAG_MATERIAL 4 -6
FLAG_MATERIAL 4 -5
FLAG_MATERIAL 4 -4
FLAG_MATERIAL 4 -3
FLAG_MATERIAL 4 -2
FLAG_MATERIAL 4 -1
FLAG_MATERIAL 4 0
FLAG_MATERIAL 4 1
FLAG_MATERIAL 4 2
FLAG_MATERIAL 4 3
FLAG_MATERIAL 4 4
FLAG_MATERIAL -2 0
FLAG_MATERIAL -1 0
FLAG_MATERIAL 0 0
FLAG_MATERIAL 1 0
FLAG_MATERIAL 2 0
FLAG_MATERIAL 3 0
FLAG_TEXT -1 2
IS_TEXT -1 3
STOP -1 4
BABA_TEXT -5 -2
IS_TEXT -1 -6
WIN 2 -4
WALL_MATERIAL 2 3
WALL_TEXT -6 2
IS_TEXT -6 3
YOU -6 4
