SKULL_MATERIAL -10 3
SKULL_MATERIAL -10 4
SKULL_MATERIAL -10 5
SKULL_MATERIAL -10 6
SKULL_MATERIAL -10 7
SKULL_MATERIAL -9 3
SKULL_MATERIAL -8 3
SKULL_MATERIAL -8 2
SKULL_MATERIAL -8 1
SKULL_MATERIAL -6 1
SKULL_MATERIAL -6 2
SKULL_MATERIAL -6 3
SKULL_MATERIAL -5 3
SKULL_MATERIAL -4 3
SKULL_MATERIAL -4 4
SKULL_MATERIAL -4 5
SKULL_MATERIAL -4 6
SKULL_MATERIAL -4 7
SKULL_MATERIAL 1 -5
SKULL_MATERIAL 1 -4
SKULL_MATERIAL 1 -3
SKULL_MATERIAL 1 -2
SKULL_MATERIAL 1 -1
SKULL_MATERIAL 1 0
SKULL_MATERIAL 1 1
SKULL_MATERIAL 1 2
SKULL_MATERIAL 2 2
SKULL_MATERIAL 3 2
SKULL_MATERIAL 4 2
SKULL_MATERIAL 5 2
SKULL_MATERIAL 6 2
SKULL_MATERIAL 7 2
SKULL_MATERIAL 8 2
SKULL_MATERIAL 9 2
SKULL_MATERIAL 9 -6
SKULL_MATERIAL 9 -5
SKULL_MATERIAL 9 -4
SKULL_MATERIAL 9 -3
SKULL_MATERIAL 9 -2
SKULL_MATERIAL 9 -1
SKULL_MATERIAL 9 0
SKULL_MATERIAL 9 1
SKULL_MATERIAL 8 -6
SKULL_MATERIAL 7 -6
SKULL_MATERIAL 6 -6
SKULL_MATERIAL 5 -6
SKULL_MATERIAL 4 -6
SKULL_MATERIAL 3 -6
SKULL_MATERIAL 2 -6
SKULL_MATERIAL 1 -6
FLAG_TEXT -13 -8
IS_TEXT -12 -8
WIN -11 -8
BABA_TEXT -13 -7
IS_TEXT -12 -7
YOU -11 -7
ROCK_MATERIAL -7 2
ROCK_MATERIAL -7 3
ROCK_MATERIAL -7 4
BABA_MATERIAL -7 6
ROCK_TEXT -11 -1
IS_TEXT -10 -1
PUSH -9 -1
SKULL_TEXT 3 -4
IS_TEXT 3 -3
DEFEAT 3 -2
FLAG_MATERIAL 6 0
